-Xajruntimetarget:1.5
-Xlint:adviceDidNotMatch=ignore
-1.8
-encoding
UTF-8
-source
1.8
-target
1.8
-classpath
/home/mvallim/.m2/repository/org/aspectj/aspectjrt/1.9.6/aspectjrt-1.9.6.jar:/home/mvallim/.m2/repository/org/aspectj/aspectjweaver/1.9.6/aspectjweaver-1.9.6.jar:/home/mvallim/.m2/repository/junit/junit/4.13.1/junit-4.13.1.jar:/home/mvallim/.m2/repository/org/hamcrest/hamcrest-library/1.3/hamcrest-library-1.3.jar:/home/mvallim/.m2/repository/org/mockito/mockito-all/1.10.19/mockito-all-1.10.19.jar:/home/mvallim/.m2/repository/org/springframework/spring-context/5.1.2.RELEASE/spring-context-5.1.2.RELEASE.jar:/home/mvallim/.m2/repository/org/springframework/spring-test/5.1.2.RELEASE/spring-test-5.1.2.RELEASE.jar:/home/mvallim/.m2/repository/org/slf4j/slf4j-log4j12/1.7.5/slf4j-log4j12-1.7.5.jar:/home/mvallim/.m2/repository/org/slf4j/slf4j-api/1.7.5/slf4j-api-1.7.5.jar:/home/mvallim/.m2/repository/org/assertj/assertj-core/3.11.1/assertj-core-3.11.1.jar:/home/mvallim/Projects/workspace/java-fluent-validator/target/checkout/target/classes
-d
/home/mvallim/Projects/workspace/java-fluent-validator/target/checkout/target/classes
/home/mvallim/Projects/workspace/java-fluent-validator/target/checkout/src/main/java/br/com/fluentvalidator/AbstractValidator.java
/home/mvallim/Projects/workspace/java-fluent-validator/target/checkout/src/main/java/br/com/fluentvalidator/annotation/CleanValidationContextException.java
/home/mvallim/Projects/workspace/java-fluent-validator/target/checkout/src/main/java/br/com/fluentvalidator/transform/ValidationResultTransform.java
/home/mvallim/Projects/workspace/java-fluent-validator/target/checkout/src/main/java/br/com/fluentvalidator/Validator.java
/home/mvallim/Projects/workspace/java-fluent-validator/target/checkout/src/main/java/br/com/fluentvalidator/builder/HandleInvalidField.java
/home/mvallim/Projects/workspace/java-fluent-validator/target/checkout/src/main/java/br/com/fluentvalidator/builder/Critical.java
/home/mvallim/Projects/workspace/java-fluent-validator/target/checkout/src/main/java/br/com/fluentvalidator/builder/WhenCollection.java
/home/mvallim/Projects/workspace/java-fluent-validator/target/checkout/src/main/java/br/com/fluentvalidator/builder/RuleBuilder.java
/home/mvallim/Projects/workspace/java-fluent-validator/target/checkout/src/main/java/br/com/fluentvalidator/builder/WheneverProperty.java
/home/mvallim/Projects/workspace/java-fluent-validator/target/checkout/src/main/java/br/com/fluentvalidator/builder/RuleBuilderProperty.java
/home/mvallim/Projects/workspace/java-fluent-validator/target/checkout/src/main/java/br/com/fluentvalidator/builder/Message.java
/home/mvallim/Projects/workspace/java-fluent-validator/target/checkout/src/main/java/br/com/fluentvalidator/builder/Code.java
/home/mvallim/Projects/workspace/java-fluent-validator/target/checkout/src/main/java/br/com/fluentvalidator/builder/AttemptedValue.java
/home/mvallim/Projects/workspace/java-fluent-validator/target/checkout/src/main/java/br/com/fluentvalidator/builder/WheneverCollection.java
/home/mvallim/Projects/workspace/java-fluent-validator/target/checkout/src/main/java/br/com/fluentvalidator/builder/When.java
/home/mvallim/Projects/workspace/java-fluent-validator/target/checkout/src/main/java/br/com/fluentvalidator/builder/WithValidator.java
/home/mvallim/Projects/workspace/java-fluent-validator/target/checkout/src/main/java/br/com/fluentvalidator/builder/RuleBuilderCollection.java
/home/mvallim/Projects/workspace/java-fluent-validator/target/checkout/src/main/java/br/com/fluentvalidator/builder/Whenever.java
/home/mvallim/Projects/workspace/java-fluent-validator/target/checkout/src/main/java/br/com/fluentvalidator/builder/Must.java
/home/mvallim/Projects/workspace/java-fluent-validator/target/checkout/src/main/java/br/com/fluentvalidator/builder/FieldName.java
/home/mvallim/Projects/workspace/java-fluent-validator/target/checkout/src/main/java/br/com/fluentvalidator/builder/WhenProperty.java
/home/mvallim/Projects/workspace/java-fluent-validator/target/checkout/src/main/java/br/com/fluentvalidator/handler/HandlerInvalidField.java
/home/mvallim/Projects/workspace/java-fluent-validator/target/checkout/src/main/java/br/com/fluentvalidator/aspect/ValidationExceptionAdvice.java
/home/mvallim/Projects/workspace/java-fluent-validator/target/checkout/src/main/java/br/com/fluentvalidator/predicate/DateTimePredicate.java
/home/mvallim/Projects/workspace/java-fluent-validator/target/checkout/src/main/java/br/com/fluentvalidator/predicate/DatePredicate.java
/home/mvallim/Projects/workspace/java-fluent-validator/target/checkout/src/main/java/br/com/fluentvalidator/predicate/LocalDatePredicate.java
/home/mvallim/Projects/workspace/java-fluent-validator/target/checkout/src/main/java/br/com/fluentvalidator/predicate/LogicalPredicate.java
/home/mvallim/Projects/workspace/java-fluent-validator/target/checkout/src/main/java/br/com/fluentvalidator/predicate/LocalDateTimePredicate.java
/home/mvallim/Projects/workspace/java-fluent-validator/target/checkout/src/main/java/br/com/fluentvalidator/predicate/TimePredicate.java
/home/mvallim/Projects/workspace/java-fluent-validator/target/checkout/src/main/java/br/com/fluentvalidator/predicate/StringPredicate.java
/home/mvallim/Projects/workspace/java-fluent-validator/target/checkout/src/main/java/br/com/fluentvalidator/predicate/PredicateBuilder.java
/home/mvallim/Projects/workspace/java-fluent-validator/target/checkout/src/main/java/br/com/fluentvalidator/predicate/ComparablePredicate.java
/home/mvallim/Projects/workspace/java-fluent-validator/target/checkout/src/main/java/br/com/fluentvalidator/predicate/ObjectPredicate.java
/home/mvallim/Projects/workspace/java-fluent-validator/target/checkout/src/main/java/br/com/fluentvalidator/predicate/CollectionPredicate.java
/home/mvallim/Projects/workspace/java-fluent-validator/target/checkout/src/main/java/br/com/fluentvalidator/predicate/LocalTimePredicate.java
/home/mvallim/Projects/workspace/java-fluent-validator/target/checkout/src/main/java/br/com/fluentvalidator/function/FunctionBuilder.java
/home/mvallim/Projects/workspace/java-fluent-validator/target/checkout/src/main/java/br/com/fluentvalidator/context/ValidationResult.java
/home/mvallim/Projects/workspace/java-fluent-validator/target/checkout/src/main/java/br/com/fluentvalidator/context/Error.java
/home/mvallim/Projects/workspace/java-fluent-validator/target/checkout/src/main/java/br/com/fluentvalidator/context/ProcessorContext.java
/home/mvallim/Projects/workspace/java-fluent-validator/target/checkout/src/main/java/br/com/fluentvalidator/context/ValidationContext.java
/home/mvallim/Projects/workspace/java-fluent-validator/target/checkout/src/main/java/br/com/fluentvalidator/exception/ValidationException.java
/home/mvallim/Projects/workspace/java-fluent-validator/target/checkout/src/main/java/br/com/fluentvalidator/rule/RuleProcessorFailFast.java
/home/mvallim/Projects/workspace/java-fluent-validator/target/checkout/src/main/java/br/com/fluentvalidator/rule/RuleProcessorDefault.java
/home/mvallim/Projects/workspace/java-fluent-validator/target/checkout/src/main/java/br/com/fluentvalidator/rule/ValidationRule.java
/home/mvallim/Projects/workspace/java-fluent-validator/target/checkout/src/main/java/br/com/fluentvalidator/rule/Rule.java
/home/mvallim/Projects/workspace/java-fluent-validator/target/checkout/src/main/java/br/com/fluentvalidator/rule/AbstractValidationRule.java
/home/mvallim/Projects/workspace/java-fluent-validator/target/checkout/src/main/java/br/com/fluentvalidator/rule/RuleBuilderPropertyImpl.java
/home/mvallim/Projects/workspace/java-fluent-validator/target/checkout/src/main/java/br/com/fluentvalidator/rule/AbstractRuleBuilder.java
/home/mvallim/Projects/workspace/java-fluent-validator/target/checkout/src/main/java/br/com/fluentvalidator/rule/RuleProcessorStrategy.java
/home/mvallim/Projects/workspace/java-fluent-validator/target/checkout/src/main/java/br/com/fluentvalidator/rule/FieldDescriptor.java
/home/mvallim/Projects/workspace/java-fluent-validator/target/checkout/src/main/java/br/com/fluentvalidator/rule/RuleBuilderCollectionImpl.java
